#-----------------------------------------------------------
# Vivado v2022.1 (64-bit)
# SW Build 3526262 on Mon Apr 18 15:48:16 MDT 2022
# IP Build 3524634 on Mon Apr 18 20:55:01 MDT 2022
# Start of session at: Wed Mar 12 21:23:23 2025
# Process ID: 9708
# Current directory: C:/Users/marko/Documents/MeteorDestroyer/MeteorDestroyerSystem/MeteorDestroyerSystem.runs/hdmi_array_parser_0_0_synth_1
# Command line: vivado.exe -log hdmi_array_parser_0_0.vds -product Vivado -mode batch -messageDb vivado.pb -notrace -source hdmi_array_parser_0_0.tcl
# Log file: C:/Users/marko/Documents/MeteorDestroyer/MeteorDestroyerSystem/MeteorDestroyerSystem.runs/hdmi_array_parser_0_0_synth_1/hdmi_array_parser_0_0.vds
# Journal file: C:/Users/marko/Documents/MeteorDestroyer/MeteorDestroyerSystem/MeteorDestroyerSystem.runs/hdmi_array_parser_0_0_synth_1\vivado.jou
# Running On: MUGEN, OS: Windows, CPU Frequency: 2304 MHz, CPU Physical cores: 8, Host memory: 33979 MB
#-----------------------------------------------------------
source hdmi_array_parser_0_0.tcl -notrace
